// Jest Snapshot v1, https://goo.gl/fbAQLP

exports[`<Input /> should render correctly 1`] = `
<View
  style={
    Object {
      "marginBottom": 10,
      "marginTop": 20,
      "width": "85%",
    }
  }
>
  <View
    pointerEvents="box-none"
  >
    <View
      pointerEvents="none"
      style={
        Array [
          Object {
            "bottom": 0,
            "left": 0,
            "position": "absolute",
            "right": 0,
            "top": 0,
          },
          undefined,
        ]
      }
    >
      <RNSVGSvgView
        bbHeight="100%"
        bbWidth={7}
        focusable={false}
        height="100%"
        style={
          Array [
            Object {
              "backgroundColor": "transparent",
              "borderWidth": 0,
            },
            Object {
              "left": -6,
              "position": "absolute",
              "top": 10,
            },
            Object {
              "flex": 0,
              "height": "100%",
              "width": 7,
            },
          ]
        }
        width={7}
      >
        <RNSVGGroup>
          <RNSVGDefs>
            <RNSVGLinearGradient
              gradient={
                Array [
                  0,
                  251658240,
                  1,
                  0,
                ]
              }
              gradientTransform={null}
              gradientUnits={0}
              name="left"
              x1="1"
              x2="0"
              y1="0"
              y2="0"
            />
          </RNSVGDefs>
          <RNSVGRect
            fill={
              Array [
                1,
                "left",
              ]
            }
            height="100%"
            propList={
              Array [
                "fill",
              ]
            }
            width={6}
            x={0}
            y={-20}
          />
        </RNSVGGroup>
      </RNSVGSvgView>
      <RNSVGSvgView
        bbHeight="100%"
        bbWidth={7}
        focusable={false}
        height="100%"
        style={
          Array [
            Object {
              "backgroundColor": "transparent",
              "borderWidth": 0,
            },
            Object {
              "left": "100%",
              "position": "absolute",
              "top": 10,
            },
            Object {
              "flex": 0,
              "height": "100%",
              "width": 7,
            },
          ]
        }
        width={7}
      >
        <RNSVGGroup>
          <RNSVGDefs>
            <RNSVGLinearGradient
              gradient={
                Array [
                  0,
                  251658240,
                  1,
                  0,
                ]
              }
              gradientTransform={null}
              gradientUnits={0}
              name="right"
              x1="0"
              x2="1"
              y1="0"
              y2="0"
            />
          </RNSVGDefs>
          <RNSVGRect
            fill={
              Array [
                1,
                "right",
              ]
            }
            height="100%"
            propList={
              Array [
                "fill",
              ]
            }
            width={6}
            x={0}
            y={-20}
          />
        </RNSVGGroup>
      </RNSVGSvgView>
      <RNSVGSvgView
        bbHeight={7}
        bbWidth="100%"
        focusable={false}
        height={7}
        style={
          Array [
            Object {
              "backgroundColor": "transparent",
              "borderWidth": 0,
            },
            Object {
              "left": 10,
              "position": "absolute",
              "top": "100%",
            },
            Object {
              "flex": 0,
              "height": 7,
              "width": "100%",
            },
          ]
        }
        width="100%"
      >
        <RNSVGGroup>
          <RNSVGDefs>
            <RNSVGLinearGradient
              gradient={
                Array [
                  0,
                  251658240,
                  1,
                  0,
                ]
              }
              gradientTransform={null}
              gradientUnits={0}
              name="bottom"
              x1="0"
              x2="0"
              y1="0"
              y2="1"
            />
          </RNSVGDefs>
          <RNSVGRect
            fill={
              Array [
                1,
                "bottom",
              ]
            }
            height={6}
            propList={
              Array [
                "fill",
              ]
            }
            width="100%"
            x={-20}
            y={0}
          />
        </RNSVGGroup>
      </RNSVGSvgView>
      <RNSVGSvgView
        bbHeight={7}
        bbWidth="100%"
        focusable={false}
        height={7}
        style={
          Array [
            Object {
              "backgroundColor": "transparent",
              "borderWidth": 0,
            },
            Object {
              "left": 10,
              "position": "absolute",
              "top": -6,
            },
            Object {
              "flex": 0,
              "height": 7,
              "width": "100%",
            },
          ]
        }
        width="100%"
      >
        <RNSVGGroup>
          <RNSVGDefs>
            <RNSVGLinearGradient
              gradient={
                Array [
                  0,
                  251658240,
                  1,
                  0,
                ]
              }
              gradientTransform={null}
              gradientUnits={0}
              name="top"
              x1="0"
              x2="0"
              y1="1"
              y2="0"
            />
          </RNSVGDefs>
          <RNSVGRect
            fill={
              Array [
                1,
                "top",
              ]
            }
            height={6}
            propList={
              Array [
                "fill",
              ]
            }
            width="100%"
            x={-20}
            y={0}
          />
        </RNSVGGroup>
      </RNSVGSvgView>
      <RNSVGSvgView
        bbHeight={17}
        bbWidth={17}
        focusable={false}
        height={17}
        style={
          Array [
            Object {
              "backgroundColor": "transparent",
              "borderWidth": 0,
            },
            Object {
              "left": -6,
              "position": "absolute",
              "top": -6,
            },
            Object {
              "flex": 0,
              "height": 17,
              "width": 17,
            },
          ]
        }
        width={17}
      >
        <RNSVGGroup>
          <RNSVGDefs>
            <RNSVGRadialGradient
              cx={16}
              cy={16}
              fx={16}
              fy={16}
              gradient={
                Array [
                  0.625,
                  251658240,
                  1,
                  0,
                ]
              }
              gradientTransform={null}
              gradientUnits={1}
              name="topLeft"
              rx={16}
              ry={16}
            />
          </RNSVGDefs>
          <RNSVGPath
            d="M0,16 a16,16 0 0 1 16 -16 v6 a10,10 0 0 0 -10,10 h-6 Z"
            fill={
              Array [
                1,
                "topLeft",
              ]
            }
            propList={
              Array [
                "fill",
              ]
            }
          />
        </RNSVGGroup>
      </RNSVGSvgView>
      <RNSVGSvgView
        bbHeight={17}
        bbWidth={17}
        focusable={false}
        height={17}
        style={
          Array [
            Object {
              "backgroundColor": "transparent",
              "borderWidth": 0,
            },
            Object {
              "left": "100%",
              "position": "absolute",
              "top": -6,
              "transform": Array [
                Object {
                  "translateX": -10,
                },
              ],
            },
            Object {
              "flex": 0,
              "height": 17,
              "width": 17,
            },
          ]
        }
        width={17}
      >
        <RNSVGGroup
          matrix={
            Array [
              1,
              0,
              0,
              1,
              0,
              0,
            ]
          }
        >
          <RNSVGDefs>
            <RNSVGRadialGradient
              cx={0}
              cy={16}
              fx={0}
              fy={16}
              gradient={
                Array [
                  0.625,
                  251658240,
                  1,
                  0,
                ]
              }
              gradientTransform={null}
              gradientUnits={1}
              name="topRight"
              rx={16}
              ry={16}
            />
          </RNSVGDefs>
          <RNSVGPath
            d="M0,0 a16,16 0 0 1 16,16 h-6 a10,10 0 0 0 -10,-10 v-6 Z"
            fill={
              Array [
                1,
                "topRight",
              ]
            }
            propList={
              Array [
                "fill",
              ]
            }
          />
        </RNSVGGroup>
      </RNSVGSvgView>
      <RNSVGSvgView
        bbHeight={17}
        bbWidth={17}
        focusable={false}
        height={17}
        style={
          Array [
            Object {
              "backgroundColor": "transparent",
              "borderWidth": 0,
            },
            Object {
              "left": -6,
              "position": "absolute",
              "top": "100%",
              "transform": Array [
                Object {
                  "translateY": -10,
                },
              ],
            },
            Object {
              "flex": 0,
              "height": 17,
              "width": 17,
            },
          ]
        }
        width={17}
      >
        <RNSVGGroup
          matrix={
            Array [
              1,
              0,
              0,
              1,
              0,
              0,
            ]
          }
        >
          <RNSVGDefs>
            <RNSVGRadialGradient
              cx={16}
              cy={0}
              fx={16}
              fy={0}
              gradient={
                Array [
                  0.625,
                  251658240,
                  1,
                  0,
                ]
              }
              gradientTransform={null}
              gradientUnits={1}
              name="bottomLeft"
              rx={16}
              ry={16}
            />
          </RNSVGDefs>
          <RNSVGPath
            d="M16,16 a16,16 0 0 1 -16,-16 h6 a10,10 0 0 0 10,10 v6 Z"
            fill={
              Array [
                1,
                "bottomLeft",
              ]
            }
            propList={
              Array [
                "fill",
              ]
            }
          />
        </RNSVGGroup>
      </RNSVGSvgView>
      <RNSVGSvgView
        bbHeight={17}
        bbWidth={17}
        focusable={false}
        height={17}
        style={
          Array [
            Object {
              "backgroundColor": "transparent",
              "borderWidth": 0,
            },
            Object {
              "left": "100%",
              "position": "absolute",
              "top": "100%",
              "transform": Array [
                Object {
                  "translateX": -10,
                },
                Object {
                  "translateY": -10,
                },
              ],
            },
            Object {
              "flex": 0,
              "height": 17,
              "width": 17,
            },
          ]
        }
        width={17}
      >
        <RNSVGGroup
          matrix={
            Array [
              1,
              0,
              0,
              1,
              0,
              0,
            ]
          }
        >
          <RNSVGDefs>
            <RNSVGRadialGradient
              cx={0}
              cy={0}
              fx={0}
              fy={0}
              gradient={
                Array [
                  0.625,
                  251658240,
                  1,
                  0,
                ]
              }
              gradientTransform={null}
              gradientUnits={1}
              name="bottomRight"
              rx={16}
              ry={16}
            />
          </RNSVGDefs>
          <RNSVGPath
            d="M16,0 a16,16 0 0 1 -16,16 v-6 a10,10 0 0 0 10,-10 h6 Z"
            fill={
              Array [
                1,
                "bottomRight",
              ]
            }
            propList={
              Array [
                "fill",
              ]
            }
          />
        </RNSVGGroup>
      </RNSVGSvgView>
    </View>
    <View
      onLayout={[Function]}
      pointerEvents="box-none"
      style={
        Array [
          Object {
            "alignSelf": "flex-start",
          },
          undefined,
          undefined,
        ]
      }
    >
      <View
        style={
          Object {
            "alignItems": "center",
            "backgroundColor": "white",
            "borderRadius": 10,
            "display": "flex",
            "flexDirection": "row",
            "justifyContent": "space-around",
            "width": "100%",
          }
        }
      >
        <Image
          resizeMode="contain"
        />
        <TextInput
          onChangeText={[Function]}
          style={
            Object {
              "backgroundColor": "white",
              "fontFamily": "Cairo-Regular",
              "height": 60,
              "textAlign": "right",
              "width": "80%",
            }
          }
          value=""
        />
      </View>
    </View>
  </View>
</View>
`;
