// Jest Snapshot v1, https://goo.gl/fbAQLP

exports[`<RegisterScreen /> should render correctly 1`] = `<View />`;
